[web/html/index.html]
[web/images/xmlrpc.php]
[backblue.gif]
[fade.gif]
[index.html]
[web/html/index-2.html]
[web/html/index-3.html]
[web/html/index-4.html]
[web/html/index289d.html]
[web/images/xmlrpc0db0.php]
[web/html/index-5.html]
[web/images/2.json]
[web/images/wlwmanifest.xml]
[web/images/embed1e76.json]
[web/images/embedcfec]
[web/images/modules.ttf]
[web/images/cropped-ignite-icon-192x192.png]
[web/images/jquery.mobile.custom.min1845.js]
[web/images/uchicago_gme-logo-600x140.png]
[web/html/index.html]
[web/html/xmlrpc.html]
[web/images/98f132fdfda33624c.css]
[web/html/index-6.html]
[web/html/index289d.html]
[web/html/index-7.html]
[web/images/ignite-logo.png]
[web/images/ignite_logo-no-tl-glow.png]
[web/images/style.min9f31.css]
[web/images/md-in-room-aiq1.jpg]
[web/images/dwd-map-extended-public6bc5.css]
[web/html/index-8.html]
[web/images/ignite-mdr-badgecard-front.png]
[web/images/style.dev9f31.css]
[web/images/voices9f31.css]
[web/images/style1845.css]
[web/images/style.min95b8.css]
[web/images/shortcodes_responsive1845.css]
[web/images/magnific_popup1845.css]
[web/images/jquery.min9d52.js]
[web/images/jquery-migrate.mind617.js]
[web/images/ds-script9f31.js]
[web/images/frontend-bundle.min95b8.js]
[web/images/widget.min95b8.js]
[web/html/xmlrpc0db0.html]
[web/html/admin-ajax.html]
[web/html/index-6.html]
[web/html/index-7.html]
[web/html/index-8.html]
[web/images/frontend-builder-global-functions1845.js]
[web/images/jquery.mobile.custom.min1845.js]
[web/images/custom1845.js]
[web/images/smoothscroll1845.js]
[web/images/jquery.fitvids1845.js]
[web/images/waypoints.min1845.js]
[web/images/wp-embed.min9f31.js]
[web/images/stocksnap_gsbjxwrsdv.jpg]
[web/images/cropped-ignite-icon-180x180.png]
[web/images/ignite-icon.png]
[web/images/jquery.magnific-popup1845.js]
[web/images/post]
[web/images/post]
[web/images/cropped-ignite-icon-32x32.png]
[web/images/frontend-builder-scripts1845.js]
[web/images/common1845.js]
