[voices.uchicago.edu/index.html]
[voices.uchicago.edu/xmlrpc.php]
[backblue.gif]
[fade.gif]
[index.html]
[voices.uchicago.edu/index-3.html]
[voices.uchicago.edu/index-2.html]
[voices.uchicago.edu/index289d.html]
[voices.uchicago.edu/index-4.html]
[voices.uchicago.edu/xmlrpc0db0.php]
[voices.uchicago.edu/post]
[voices.uchicago.edu/modules.ttf]
[cpb-us-w2.wpmucdn.com/ignite-logo.png]
[voices.uchicago.edu/index-5.html]
[cpb-us-w2.wpmucdn.com/ignite_logo-no-tl-glow.png]
[voices.uchicago.edu/wlwmanifest.xml]
[voices.uchicago.edu/2.json]
[cpb-us-w2.wpmucdn.com/stocksnap_gsbjxwrsdv.jpg]
[voices.uchicago.edu/index.html]
[voices.uchicago.edu/xmlrpc.html]
[voices.uchicago.edu/embed1e76.json]
[d3qi0qp55mx5f5.cloudfront.net/98f132fdfda33624c.css]
[voices.uchicago.edu/embedcfec]
[cpb-us-w2.wpmucdn.com/cropped-ignite-icon-32x32.png]
[voices.uchicago.edu/index289d.html]
[cpb-us-w2.wpmucdn.com/cropped-ignite-icon-192x192.png]
[cpb-us-w2.wpmucdn.com/cropped-ignite-icon-180x180.png]
[voices.uchicago.edu/index-6.html]
[cpb-us-w2.wpmucdn.com/uchicago_gme-logo-600x140.png]
[voices.uchicago.edu/style.min9f31.css]
[voices.uchicago.edu/dwd-map-extended-public6bc5.css]
[voices.uchicago.edu/style.dev9f31.css]
[voices.uchicago.edu/index-7.html]
[voices.uchicago.edu/voices9f31.css]
[voices.uchicago.edu/index-8.html]
[voices.uchicago.edu/style1845.css]
[voices.uchicago.edu/style.min95b8.css]
[cpb-us-w2.wpmucdn.com/ignite-mdr-badgecard-front.png]
[voices.uchicago.edu/shortcodes_responsive1845.css]
[voices.uchicago.edu/magnific_popup1845.css]
[voices.uchicago.edu/jquery.min9d52.js]
[voices.uchicago.edu/jquery-migrate.mind617.js]
[voices.uchicago.edu/ds-script9f31.js]
[voices.uchicago.edu/frontend-bundle.min95b8.js]
[voices.uchicago.edu/widget.min95b8.js]
[voices.uchicago.edu/xmlrpc0db0.html]
[voices.uchicago.edu/post.html]
[voices.uchicago.edu/admin-ajax.html]
[voices.uchicago.edu/index-6.html]
[voices.uchicago.edu/index-7.html]
[voices.uchicago.edu/index-8.html]
[voices.uchicago.edu/frontend-builder-global-functions1845.js]
[voices.uchicago.edu/custom1845.js]
[voices.uchicago.edu/smoothscroll1845.js]
[voices.uchicago.edu/jquery.fitvids1845.js]
[voices.uchicago.edu/jquery.magnific-popup1845.js]
[voices.uchicago.edu/common1845.js]
[cpb-us-w2.wpmucdn.com/md-in-room-aiq1.jpg]
[cpb-us-w2.wpmucdn.com/ignite-icon.png]
[voices.uchicago.edu/waypoints.min1845.js]
[voices.uchicago.edu/wp-embed.min9f31.js]
[voices.uchicago.edu/uchicago_rev-140bi8x.svg]
[voices.uchicago.edu/jquery.mobile.custom.min1845.js]
[voices.uchicago.edu/frontend-builder-scripts1845.js]
