[ignite/index.html]
[ignite/xmlrpc.php]
[backblue.gif]
[fade.gif]
[index.html]
[shared-resources/fonts/768728/98F132FDFDA33624C.css]
[ignite/wp-content/mu-plugins/divi-builder-additional-modules-files/dwd-map-extended/public/css/dwd-map-extended-public6bc5.css]
[ignite/wp-content/mu-plugins/divi-builder-additional-modules-files/Divi-Blog-Extras/styles/style.min95b8.css]
[ignite/wp-content/themes/divi/style-static.min00f2.css]
[ignite/wp-content/themes/voices-3/voices6e0e.css]
[ignite/feed/index.html]
[ignite/comments/feed/index.html]
[ignite/wp-content/themes/voices-3/style6e0e.css]
[ignite/sample-page/feed/index.html]
[ignite/wp-includes/js/jquery/jquery.min9d52.js]
[ignite/wp-includes/js/jquery/jquery-migrate.mind617.js]
[ignite/wp-content/themes/voices-3/ds-script4999.js]
[ignite/wp-content/mu-plugins/divi-builder-additional-modules-files/Divi-Blog-Extras/scripts/frontend-bundle.min95b8.js]
[ignite/wp-content/mu-plugins/divi-builder-additional-modules-files/Divi-Blog-Extras/scripts/widget.min95b8.js]
[ignite/wp-json/wp/v2/pages/2.json]
[ignite/xmlrpc0db0.php]
[ignite/wp-json/index.html]
[ignite/wp-includes/wlwmanifest.xml]
[ignite/wp-json/oembed/1.0/embed1e76.json]
[ignite/wp-json/oembed/1.0/embedcfec]
[ignite/POST]
[voices.uchicago.edu/dist/e/2936/files/2021/01/cropped-IGNITE-icon-32x32.png]
[voices.uchicago.edu/dist/e/2936/files/2021/01/cropped-IGNITE-icon-192x192.png]
[voices.uchicago.edu/dist/e/2936/files/2021/01/cropped-IGNITE-icon-180x180.png]
[voices.uchicago.edu/dist/e/2936/files/2021/03/uchicago_gme-logo-600x140.png]
[voices.uchicago.edu/dist/e/2936/files/2021/01/ignite-logo.png]
[voices.uchicago.edu/dist/e/2936/files/2021/01/ignite_logo-no-tl-glow.png]
[voices.uchicago.edu/dist/e/2936/files/2021/01/MD-in-Room-AIQ1.jpg]
[voices.uchicago.edu/dist/e/2936/files/2021/01/IGNITE-MDR-Badgecard-front.png]
[ignite/wp-content/themes/divi/js/scripts.min00f2.js]
[ignite/staff-directory/index.html]
[ignite/contact-us/index.html]
[ignite/our-program/index.html]
[ignite/wp-content/themes/divi/core/admin/js/common892f.js]
[voices.uchicago.edu/dist/e/2936/files/2021/02/StockSnap_GSBJXWRSDV.jpg]
[ignite/index.html]
[ignite/xmlrpc.html]
[shared-resources/fonts/768728/98F132FDFDA33624C.css]
[ignite/wp-content/mu-plugins/divi-builder-additional-modules-files/dwd-map-extended/public/css/dwd-map-extended-public6bc5.css]
[ignite/wp-content/mu-plugins/divi-builder-additional-modules-files/Divi-Blog-Extras/styles/style.min95b8.css]
[ignite/wp-content/themes/divi/core/admin/fonts/modules/all/modules.eot]
[ignite/wp-content/themes/divi/core/admin/fonts/modules/all/modules.ttf]
[ignite/wp-content/themes/divi/core/admin/fonts/modules/all/modules.woff]
[ignite/wp-content/themes/divi/includes/builder/styles/images/preloader.gif]
[ignite/wp-content/themes/divi/includes/builder/images/subscribe-loader.gif]
[ignite/wp-content/themes/divi/style-static.min00f2.css]
[ignite/wp-content/themes/voices-3/voices6e0e.css]
[ignite/wp-content/themes/voices-3/style6e0e.css]
[ignite/wp-includes/js/jquery/jquery.min9d52.js]
[ignite/wp-includes/js/jquery/jquery-migrate.mind617.js]
[ignite/wp-content/themes/voices-3/ds-script4999.js]
[ignite/wp-content/mu-plugins/divi-builder-additional-modules-files/Divi-Blog-Extras/scripts/frontend-bundle.min95b8.js]
[ignite/wp-content/mu-plugins/divi-builder-additional-modules-files/Divi-Blog-Extras/scripts/widget.min95b8.js]
[ignite/xmlrpc0db0.html]
[ignite/POST.html]
[ignite/wp-admin/admin-ajax.html]
[ignite/wp-json/wp/v2/pages/145.json]
[ignite/wp-json/oembed/1.0/embedb5c6.json]
[ignite/wp-json/oembed/1.0/embed5567]
[ignite/staff-directory/POST]
[ignite/wp-content/themes/divi/includes/builder/feature/dynamic-assets/assets/js/hashchange892f.js]
[ignite/staff-directory/index.html]
[ignite/wp-json/wp/v2/pages/186.json]
[ignite/wp-json/oembed/1.0/embed933f]
[ignite/contact-us/POST]
[recaptcha/api60a3.js]
[ignite/wp-content/plugins/formidable/js/formidable.min1aed.js]
[ignite/wp-content/plugins/formidable/pro/js/formidablepro.min1aed.js]
[voices.uchicago.edu/dist/e/2936/files/2016/10/header_uchicago_15-2gz4mrk.jpg]
[ignite/contact-us/index.html]
[ignite/wp-json/wp/v2/pages/101.json]
[ignite/wp-json/oembed/1.0/embede918.json]
[ignite/wp-json/oembed/1.0/embed6d77]
[ignite/our-program/POST]
[voices.uchicago.edu/dist/e/2936/files/2016/10/logo.rgb_.maroon-22x93zk.png]
[voices.uchicago.edu/dist/e/2936/files/2016/10/logo.rgb_.maroon-22x93zk-300x60.png]
[voices.uchicago.edu/dist/e/2936/files/2016/10/header_uchicago_03-20bbyar.jpg]
[voices.uchicago.edu/dist/e/2936/files/2016/10/header_uchicago_03-20bbyar-300x169.jpg]
[voices.uchicago.edu/dist/e/2936/files/2016/10/header_chicago_08-141sf3y.jpg]
[voices.uchicago.edu/dist/e/2936/files/2016/10/header_chicago_08-141sf3y-300x169.jpg]
[voices.uchicago.edu/dist/e/2936/files/2016/10/header_chicago_03-1aherg8.jpg]
[voices.uchicago.edu/dist/e/2936/files/2016/10/header_chicago_03-1aherg8-300x169.jpg]
[voices.uchicago.edu/dist/e/2936/files/2016/10/meb-headshot-1t43a35-1jp3kj2.jpg]
[ignite/wp-content/themes/divi/includes/builder/feature/dynamic-assets/assets/js/jquery.fitvids892f.js]
[ignite/wp-content/themes/divi/includes/builder/feature/dynamic-assets/assets/js/easypiechart892f.js]
[voices.uchicago.edu/dist/e/2936/files/2016/12/uchicago8-1ua1ok7.jpg]
[ignite/our-program/index.html]
[ignite/wp-content/themes/divi/js/scripts.min00f2.js]
[ignite/wp-content/themes/divi/core/admin/js/common892f.js]
[ignite/wp-content/themes/divi/includes/builder/images/subscribe-loader.html]
[ignite/indexbe3b.html]
[ignite/staff-directory/POST.html]
[ignite/wp-content/themes/divi/includes/builder/feature/dynamic-assets/assets/js/hashchange892f.js]
[voices.uchicago.edu/dist/e/2936/files/2016/12/uchicago5-1j24xj4.jpg]
[ignite/wp-content/themes/divi/js/smoothscroll00f2.js]
[ignite/contact-us/POST.html]
[ignite/wp-content/plugins/formidable/js/formidable.min1aed.js]
[ignite/wp-content/plugins/formidable/pro/js/formidablepro.min1aed.js]
[ignite/files/2016/12/uchicago_rev-140bi8x.svg]
[ignite/index198a.html]
[ignite/our-program/POST.html]
[voices.uchicago.edu/dist/e/2936/files/2016/10/logo.rgb_.maroon-22x93zk.png]
[voices.uchicago.edu/dist/e/2936/files/2016/10/logo.rgb_.maroon-22x93zk-300x60.png]
[voices.uchicago.edu/dist/e/2936/files/2016/10/header_uchicago_03-20bbyar.jpg]
[voices.uchicago.edu/dist/e/2936/files/2016/10/header_uchicago_03-20bbyar-300x169.jpg]
[voices.uchicago.edu/dist/e/2936/files/2016/10/header_chicago_08-141sf3y-300x169.jpg]
[voices.uchicago.edu/dist/e/2936/files/2016/10/header_chicago_03-1aherg8-300x169.jpg]
[ignite/wp-content/themes/divi/includes/builder/feature/dynamic-assets/assets/js/jquery.fitvids892f.js]
[ignite/wp-content/themes/divi/includes/builder/feature/dynamic-assets/assets/js/easypiechart892f.js]
[ignite/wp-content/themes/divi/js/smoothscroll00f2.js]
[ignite/files/2021/01/IGNITE-icon.png]
[ignite/wp-content/themes/divi/core/admin/fonts/modules/all/modules.svg]
[ignite/wp-content/themes/divi/core/admin/fonts/modules/all/modulesd41d.eot]
[ignite/wp-includes/js/wp-embed.min4999.js]
[ignite/wp-json/oembed/1.0/embed8de4]
[ignite/wp-includes/js/wp-embed.min4999.js]
[ignite/index146c.html]
